#-----------------------------------------------------------
# Vivado v2019.1 (64-bit)
# SW Build 2552052 on Fri May 24 14:49:42 MDT 2019
# IP Build 2548770 on Fri May 24 18:01:18 MDT 2019
# Start of session at: Fri Aug 28 17:46:27 2020
# Process ID: 2012
# Current directory: C:/Users/Dhruv/Desktop/DSD II/Lab_1.2
# Command line: vivado.exe -gui_launcher_event rodinguilauncherevent10768 C:\Users\Dhruv\Desktop\DSD II\Lab_1.2\Lab_1.xpr
# Log file: C:/Users/Dhruv/Desktop/DSD II/Lab_1.2/vivado.log
# Journal file: C:/Users/Dhruv/Desktop/DSD II/Lab_1.2\vivado.jou
#-----------------------------------------------------------
start_gui
open_project {C:/Users/Dhruv/Desktop/DSD II/Lab_1.2/Lab_1.xpr}
update_compile_order -fileset sources_1
launch_simulation -mode post-implementation -type timing
source aluTB.tcl
report_utilization -name utilization_1
close_design
launch_simulation
source aluTB.tcl
launch_simulation -mode post-synthesis -type timing
source aluTB.tcl
report_utilization -name utilization_1
open_run impl_1
report_utilization -name utilization_1
launch_runs impl_1 -to_step write_bitstream -jobs 4
wait_on_run impl_1
open_hw
connect_hw_server
open_hw_target
set_property PROGRAM.FILE {C:/Users/Dhruv/Desktop/DSD II/Lab_1.2/Lab_1.runs/impl_1/alu4.bit} [get_hw_devices xc7a35t_0]
current_hw_device [get_hw_devices xc7a35t_0]
refresh_hw_device -update_hw_probes false [lindex [get_hw_devices xc7a35t_0] 0]
set_property PROBES.FILE {} [get_hw_devices xc7a35t_0]
set_property FULL_PROBES.FILE {} [get_hw_devices xc7a35t_0]
set_property PROGRAM.FILE {C:/Users/Dhruv/Desktop/DSD II/Lab_1.2/Lab_1.runs/impl_1/alu4.bit} [get_hw_devices xc7a35t_0]
program_hw_devices [get_hw_devices xc7a35t_0]
refresh_hw_device [lindex [get_hw_devices xc7a35t_0] 0]
set_property PROBES.FILE {} [get_hw_devices xc7a35t_0]
set_property FULL_PROBES.FILE {} [get_hw_devices xc7a35t_0]
set_property PROGRAM.FILE {C:/Users/Dhruv/Desktop/DSD II/Lab_1.2/Lab_1.runs/impl_1/alu4.bit} [get_hw_devices xc7a35t_0]
program_hw_devices [get_hw_devices xc7a35t_0]
refresh_hw_device [lindex [get_hw_devices xc7a35t_0] 0]
