#-----------------------------------------------------------
# Vivado v2019.1 (64-bit)
# SW Build 2552052 on Fri May 24 14:49:42 MDT 2019
# IP Build 2548770 on Fri May 24 18:01:18 MDT 2019
# Start of session at: Fri Oct  9 15:17:28 2020
# Process ID: 6752
# Current directory: C:/Users/Dhruv/Desktop/DSD II/Lab_4/ALU
# Command line: vivado.exe -gui_launcher_event rodinguilauncherevent1328 C:\Users\Dhruv\Desktop\DSD II\Lab_4\ALU\ALU.xpr
# Log file: C:/Users/Dhruv/Desktop/DSD II/Lab_4/ALU/vivado.log
# Journal file: C:/Users/Dhruv/Desktop/DSD II/Lab_4/ALU\vivado.jou
#-----------------------------------------------------------
start_gui
open_project {C:/Users/Dhruv/Desktop/DSD II/Lab_4/ALU/ALU.xpr}
update_compile_order -fileset sources_1
launch_simulation
update_compile_order -fileset sources_1
update_compile_order -fileset sources_1
launch_simulation
launch_simulation
launch_simulation
launch_simulation
update_compile_order -fileset sources_1
launch_simulation
launch_simulation
launch_simulation
launch_simulation
launch_simulation
launch_simulation
launch_simulation
launch_simulation
launch_simulation
launch_simulation
launch_simulation
launch_simulation
launch_simulation
