#-----------------------------------------------------------
# Vivado v2019.1 (64-bit)
# SW Build 2552052 on Fri May 24 14:49:42 MDT 2019
# IP Build 2548770 on Fri May 24 18:01:18 MDT 2019
# Start of session at: Sun Sep 27 13:15:02 2020
# Process ID: 6168
# Current directory: C:/Users/Dhruv/Desktop/DSD II/Lab_3/Instruction_Fetch
# Command line: vivado.exe -gui_launcher_event rodinguilauncherevent9052 C:\Users\Dhruv\Desktop\DSD II\Lab_3\Instruction_Fetch\Lab_3.xpr
# Log file: C:/Users/Dhruv/Desktop/DSD II/Lab_3/Instruction_Fetch/vivado.log
# Journal file: C:/Users/Dhruv/Desktop/DSD II/Lab_3/Instruction_Fetch\vivado.jou
#-----------------------------------------------------------
start_gui
open_project {C:/Users/Dhruv/Desktop/DSD II/Lab_3/Instruction_Fetch/Lab_3.xpr}
update_compile_order -fileset sources_1
launch_simulation
source InstructionFetchTB.tcl
launch_simulation -mode post-synthesis -type timing
source InstructionFetchTB.tcl
launch_simulation -mode post-implementation -type timing
source InstructionFetchTB.tcl
report_utilization -name utilization_1
close_sim
current_sim simulation_2
close_sim
close_sim
